// Jest Snapshot v1, https://goo.gl/fbAQLP

exports[`Tests in <GifItem/> Should make match with snapshot 1`] = `
<div>
  <div
    class="card"
  >
    <img
      alt="Dragon Ball"
      src="https://dragon-ball.com/goku.jpg"
    />
    <p>
      Dragon Ball
    </p>
  </div>
</div>
`;
